  Running agent: attack-surface (Attack surface mapper)
  Running agent: attack-surface (Attack surface mapper)
  Agent attack-surface completed (35412 tokens used)
  Running agent: taint-tracer (Data flow analysis specialist)
  Agent attack-surface completed (54381 tokens used)
  Running agent: taint-tracer (Data flow analysis specialist)
  Agent taint-tracer completed (31597 tokens used)
  Running agent: vuln-hunter (Primary vulnerability discovery agent)
  Agent taint-tracer completed (79852 tokens used)
  Running agent: vuln-hunter (Primary vulnerability discovery agent)
  Agent vuln-hunter completed (34857 tokens used)
  Running debate agent A: exploit-analyst (Validates exploitability of vulnerability findings)
  Agent vuln-hunter completed (37677 tokens used)
  Running debate agent A: exploit-analyst (Validates exploitability of vulnerability findings)
  Debate agent exploit-analyst completed (54112 tokens used)
  Running debate agent B: defense-analyst (Identifies mitigations and defensive controls)
  Debate agent exploit-analyst completed (60646 tokens used)
  Running debate agent B: defense-analyst (Identifies mitigations and defensive controls)
  Debate agent defense-analyst completed (52226 tokens used)
  Running agent: verdict-synthesizer (Synthesizes multi-agent validation into final verdicts)
  Agent verdict-synthesizer completed (5552 tokens used)
  Running agent: cwe-classifier (Precise CWE classification and severity validation)
  Agent cwe-classifier completed (46612 tokens used)
  Running agent: attack-surface (Attack surface mapper)
  Running agent: attack-surface (Attack surface mapper)
  Debate agent defense-analyst completed (34397 tokens used)
  Running agent: verdict-synthesizer (Synthesizes multi-agent validation into final verdicts)
  Agent verdict-synthesizer completed (33628 tokens used)
  Running agent: cwe-classifier (Precise CWE classification and severity validation)
  Agent attack-surface completed (72806 tokens used)
  Running agent: taint-tracer (Data flow analysis specialist)
  Agent attack-surface completed (65726 tokens used)
  Running agent: taint-tracer (Data flow analysis specialist)
  Agent cwe-classifier completed (52409 tokens used)
  Running agent: attack-surface (Attack surface mapper)
  Running agent: attack-surface (Attack surface mapper)
  Agent taint-tracer completed (54910 tokens used)
  Running agent: vuln-hunter-python (Python-specialized vulnerability discovery agent)
  Agent attack-surface completed (48873 tokens used)
  Running agent: taint-tracer (Data flow analysis specialist)
  Agent taint-tracer completed (74247 tokens used)
  Running agent: vuln-hunter (Primary vulnerability discovery agent)
  Agent attack-surface completed (68073 tokens used)
  Running agent: taint-tracer (Data flow analysis specialist)
  Agent vuln-hunter-python completed (48184 tokens used)
  Running debate agent A: exploit-analyst (Validates exploitability of vulnerability findings)
  Agent vuln-hunter completed (18277 tokens used)
  Running debate agent A: exploit-analyst (Validates exploitability of vulnerability findings)
  Debate agent exploit-analyst completed (30407 tokens used)
  Running debate agent B: defense-analyst (Identifies mitigations and defensive controls)
  Agent taint-tracer completed (52627 tokens used)
  Running agent: vuln-hunter (Primary vulnerability discovery agent)
  Agent taint-tracer completed (44100 tokens used)
  Running agent: vuln-hunter (Primary vulnerability discovery agent)
  Debate agent defense-analyst completed (47950 tokens used)
  Running agent: verdict-synthesizer (Synthesizes multi-agent validation into final verdicts)
  Agent vuln-hunter completed (14131 tokens used)
  Running debate agent A: exploit-analyst (Validates exploitability of vulnerability findings)
  Debate agent exploit-analyst completed (87027 tokens used)
  Running debate agent B: defense-analyst (Identifies mitigations and defensive controls)
  Agent verdict-synthesizer completed (30663 tokens used)
  Running agent: cwe-classifier (Precise CWE classification and severity validation)
  Debate agent exploit-analyst completed (51312 tokens used)
  Running debate agent B: defense-analyst (Identifies mitigations and defensive controls)
  Agent vuln-hunter completed (37524 tokens used)
  Running debate agent A: exploit-analyst (Validates exploitability of vulnerability findings)
  Debate agent defense-analyst completed (81406 tokens used)
  Running agent: verdict-synthesizer (Synthesizes multi-agent validation into final verdicts)
  Debate agent defense-analyst completed (49550 tokens used)
  Running agent: verdict-synthesizer (Synthesizes multi-agent validation into final verdicts)
  Agent cwe-classifier completed (82331 tokens used)
  Running agent: attack-surface (Attack surface mapper)
  Debate agent exploit-analyst completed (48233 tokens used)
  Running debate agent B: defense-analyst (Identifies mitigations and defensive controls)
  Agent verdict-synthesizer completed (29402 tokens used)
  Running agent: cwe-classifier (Precise CWE classification and severity validation)
  Agent attack-surface completed (50808 tokens used)
  Running agent: taint-tracer (Data flow analysis specialist)
  Agent verdict-synthesizer completed (88106 tokens used)
  Running agent: cwe-classifier (Precise CWE classification and severity validation)
  Agent cwe-classifier completed (48536 tokens used)
  Running agent: attack-surface (Attack surface mapper)
  Debate agent defense-analyst completed (72237 tokens used)
  Running agent: verdict-synthesizer (Synthesizes multi-agent validation into final verdicts)
  Agent verdict-synthesizer completed (26094 tokens used)
  Running agent: cwe-classifier (Precise CWE classification and severity validation)
  Agent attack-surface completed (47221 tokens used)
  Running agent: taint-tracer (Data flow analysis specialist)
  Agent cwe-classifier completed (96235 tokens used)
  Running agent: attack-surface (Attack surface mapper)
  Agent taint-tracer completed (74079 tokens used)
  Running agent: vuln-hunter (Primary vulnerability discovery agent)
  Agent cwe-classifier completed (48817 tokens used)
  Running agent: attack-surface (Attack surface mapper)
  Agent attack-surface completed (47051 tokens used)
  Running agent: taint-tracer (Data flow analysis specialist)
  Agent attack-surface completed (66619 tokens used)
  Running agent: taint-tracer (Data flow analysis specialist)
  Agent vuln-hunter completed (35975 tokens used)
  Running debate agent A: exploit-analyst (Validates exploitability of vulnerability findings)
  Debate agent exploit-analyst completed (95182 tokens used)
  Running debate agent B: defense-analyst (Identifies mitigations and defensive controls)
  Agent taint-tracer completed (60226 tokens used)
  Running agent: vuln-hunter (Primary vulnerability discovery agent)
  Agent taint-tracer completed (69405 tokens used)
  Running agent: vuln-hunter (Primary vulnerability discovery agent)
  Agent taint-tracer completed (54832 tokens used)
  Running agent: vuln-hunter (Primary vulnerability discovery agent)
  Debate agent defense-analyst completed (47534 tokens used)
  Running agent: verdict-synthesizer (Synthesizes multi-agent validation into final verdicts)
  Agent vuln-hunter completed (39492 tokens used)
  Running debate agent A: exploit-analyst (Validates exploitability of vulnerability findings)
  Agent vuln-hunter completed (54647 tokens used)
  Running debate agent A: exploit-analyst (Validates exploitability of vulnerability findings)
  Agent verdict-synthesizer completed (53016 tokens used)
  Running agent: cwe-classifier (Precise CWE classification and severity validation)
  Agent vuln-hunter completed (38883 tokens used)
  Running debate agent A: exploit-analyst (Validates exploitability of vulnerability findings)
  Debate agent exploit-analyst completed (50198 tokens used)
  Running debate agent B: defense-analyst (Identifies mitigations and defensive controls)
  Agent cwe-classifier completed (85142 tokens used)
  Debate agent exploit-analyst completed (69479 tokens used)
  Running debate agent B: defense-analyst (Identifies mitigations and defensive controls)
  Debate agent defense-analyst completed (50051 tokens used)
  Running agent: verdict-synthesizer (Synthesizes multi-agent validation into final verdicts)
  Debate agent exploit-analyst completed (56097 tokens used)
  Running debate agent B: defense-analyst (Identifies mitigations and defensive controls)
  Agent verdict-synthesizer completed (26889 tokens used)
  Running agent: cwe-classifier (Precise CWE classification and severity validation)
  Debate agent defense-analyst completed (88731 tokens used)
  Running agent: verdict-synthesizer (Synthesizes multi-agent validation into final verdicts)
  Debate agent defense-analyst completed (68857 tokens used)
  Running agent: verdict-synthesizer (Synthesizes multi-agent validation into final verdicts)
  Agent cwe-classifier completed (69337 tokens used)
  Agent verdict-synthesizer completed (44410 tokens used)
  Running agent: cwe-classifier (Precise CWE classification and severity validation)
  Agent verdict-synthesizer completed (71788 tokens used)
  Running agent: cwe-classifier (Precise CWE classification and severity validation)
  Agent cwe-classifier completed (71483 tokens used)
  Agent cwe-classifier completed (95439 tokens used)
