  Running agent: attack-surface (Attack surface mapper)
  Running agent: attack-surface (Attack surface mapper)
  Agent attack-surface completed (99044 tokens used)
  Running agent: taint-tracer (Data flow analysis specialist)
  Agent attack-surface completed (46725 tokens used)
  Running agent: taint-tracer (Data flow analysis specialist)
  Agent taint-tracer completed (70901 tokens used)
  Running agent: vuln-hunter-python (Python-specialized vulnerability discovery agent)
  Agent taint-tracer completed (57474 tokens used)
  Running agent: vuln-hunter (Primary vulnerability discovery agent)
  Agent vuln-hunter-python completed (29282 tokens used)
  Running debate agent A: exploit-analyst (Validates exploitability of vulnerability findings)
  Agent vuln-hunter completed (55363 tokens used)
  Running debate agent A: exploit-analyst (Validates exploitability of vulnerability findings)
  Debate agent exploit-analyst completed (31275 tokens used)
  Running debate agent B: defense-analyst (Identifies mitigations and defensive controls)
  Debate agent exploit-analyst completed (64242 tokens used)
  Running debate agent B: defense-analyst (Identifies mitigations and defensive controls)
  Debate agent defense-analyst completed (65086 tokens used)
  Running agent: verdict-synthesizer (Synthesizes multi-agent validation into final verdicts)
  Agent verdict-synthesizer completed (27906 tokens used)
  Running agent: cwe-classifier (Precise CWE classification and severity validation)
  Debate agent defense-analyst completed (101672 tokens used)
  Running agent: verdict-synthesizer (Synthesizes multi-agent validation into final verdicts)
  Agent cwe-classifier completed (96690 tokens used)
  Running agent: attack-surface (Attack surface mapper)
  Running agent: attack-surface (Attack surface mapper)
  Agent verdict-synthesizer completed (77806 tokens used)
  Running agent: cwe-classifier (Precise CWE classification and severity validation)
  Agent attack-surface completed (100192 tokens used)
  Running agent: taint-tracer (Data flow analysis specialist)
  Agent cwe-classifier completed (121501 tokens used)
  Running agent: attack-surface (Attack surface mapper)
  Running agent: attack-surface (Attack surface mapper)
  Agent attack-surface completed (60031 tokens used)
  Running agent: taint-tracer (Data flow analysis specialist)
  Agent attack-surface completed (75854 tokens used)
  Running agent: taint-tracer (Data flow analysis specialist)
  Agent attack-surface completed (46940 tokens used)
  Running agent: taint-tracer (Data flow analysis specialist)
  Agent taint-tracer completed (41646 tokens used)
  Running agent: vuln-hunter (Primary vulnerability discovery agent)
  Agent taint-tracer completed (63718 tokens used)
  Running agent: vuln-hunter (Primary vulnerability discovery agent)
  Agent vuln-hunter completed (50845 tokens used)
  Running debate agent A: exploit-analyst (Validates exploitability of vulnerability findings)
  Agent taint-tracer completed (70595 tokens used)
  Running agent: vuln-hunter (Primary vulnerability discovery agent)
  Agent vuln-hunter completed (58539 tokens used)
  Running debate agent A: exploit-analyst (Validates exploitability of vulnerability findings)
  Agent taint-tracer completed (71414 tokens used)
  Running agent: vuln-hunter (Primary vulnerability discovery agent)
  Debate agent exploit-analyst completed (50277 tokens used)
  Running debate agent B: defense-analyst (Identifies mitigations and defensive controls)
  Debate agent exploit-analyst completed (78601 tokens used)
  Running debate agent B: defense-analyst (Identifies mitigations and defensive controls)
  Agent vuln-hunter completed (30406 tokens used)
  Running debate agent A: exploit-analyst (Validates exploitability of vulnerability findings)
  Agent vuln-hunter completed (34327 tokens used)
  Running debate agent A: exploit-analyst (Validates exploitability of vulnerability findings)
  Debate agent defense-analyst completed (58601 tokens used)
  Running agent: verdict-synthesizer (Synthesizes multi-agent validation into final verdicts)
  Debate agent exploit-analyst completed (44431 tokens used)
  Running debate agent B: defense-analyst (Identifies mitigations and defensive controls)
  Running agent: attack-surface (Attack surface mapper)
  Debate agent defense-analyst completed (80949 tokens used)
  Running agent: verdict-synthesizer (Synthesizes multi-agent validation into final verdicts)
  Debate agent exploit-analyst completed (52047 tokens used)
  Running debate agent B: defense-analyst (Identifies mitigations and defensive controls)
  Agent attack-surface completed (44003 tokens used)
  Running agent: taint-tracer (Data flow analysis specialist)
  Agent verdict-synthesizer completed (60576 tokens used)
  Running agent: cwe-classifier (Precise CWE classification and severity validation)
  Agent verdict-synthesizer completed (50054 tokens used)
  Running agent: cwe-classifier (Precise CWE classification and severity validation)
  Debate agent defense-analyst completed (54304 tokens used)
  Running agent: verdict-synthesizer (Synthesizes multi-agent validation into final verdicts)
  Agent cwe-classifier completed (94889 tokens used)
  Running agent: attack-surface (Attack surface mapper)
  Agent verdict-synthesizer completed (33073 tokens used)
  Running agent: cwe-classifier (Precise CWE classification and severity validation)
  Agent cwe-classifier completed (87116 tokens used)
  Running agent: attack-surface (Attack surface mapper)
  Agent taint-tracer completed (65491 tokens used)
  Running agent: vuln-hunter (Primary vulnerability discovery agent)
  Agent cwe-classifier completed (91563 tokens used)
  Running agent: attack-surface (Attack surface mapper)
  Agent attack-surface completed (68260 tokens used)
  Running agent: taint-tracer (Data flow analysis specialist)
  Agent attack-surface completed (71346 tokens used)
  Running agent: taint-tracer (Data flow analysis specialist)
  Agent vuln-hunter completed (54767 tokens used)
  Running debate agent A: exploit-analyst (Validates exploitability of vulnerability findings)
  Agent attack-surface completed (71828 tokens used)
  Running agent: taint-tracer (Data flow analysis specialist)
  Agent taint-tracer completed (48257 tokens used)
  Running agent: vuln-hunter (Primary vulnerability discovery agent)
  Agent taint-tracer completed (75324 tokens used)
  Running agent: vuln-hunter (Primary vulnerability discovery agent)
  Debate agent exploit-analyst completed (53374 tokens used)
  Running debate agent B: defense-analyst (Identifies mitigations and defensive controls)
  Agent vuln-hunter completed (18668 tokens used)
  Running debate agent A: exploit-analyst (Validates exploitability of vulnerability findings)
  Running agent: attack-surface (Attack surface mapper)
  Agent taint-tracer completed (71112 tokens used)
  Running agent: vuln-hunter (Primary vulnerability discovery agent)
  Agent vuln-hunter completed (35974 tokens used)
  Running debate agent A: exploit-analyst (Validates exploitability of vulnerability findings)
  Debate agent defense-analyst completed (76426 tokens used)
  Running agent: verdict-synthesizer (Synthesizes multi-agent validation into final verdicts)
  Agent attack-surface completed (82635 tokens used)
  Running agent: taint-tracer (Data flow analysis specialist)
  Debate agent exploit-analyst completed (74630 tokens used)
  Running debate agent B: defense-analyst (Identifies mitigations and defensive controls)
  Agent verdict-synthesizer completed (52887 tokens used)
  Running agent: cwe-classifier (Precise CWE classification and severity validation)
  Agent vuln-hunter completed (50571 tokens used)
  Running debate agent A: exploit-analyst (Validates exploitability of vulnerability findings)
  Debate agent defense-analyst completed (50884 tokens used)
  Running agent: verdict-synthesizer (Synthesizes multi-agent validation into final verdicts)
  Debate agent exploit-analyst completed (34173 tokens used)
  Running debate agent B: defense-analyst (Identifies mitigations and defensive controls)
  Running agent: attack-surface (Attack surface mapper)
  Agent cwe-classifier completed (72307 tokens used)
  Agent verdict-synthesizer completed (33800 tokens used)
  Running agent: cwe-classifier (Precise CWE classification and severity validation)
  Agent taint-tracer completed (52755 tokens used)
  Running agent: vuln-hunter (Primary vulnerability discovery agent)
  Agent cwe-classifier completed (73619 tokens used)
  Agent attack-surface completed (90049 tokens used)
  Running agent: taint-tracer (Data flow analysis specialist)
  Agent vuln-hunter completed (45542 tokens used)
  Running debate agent A: exploit-analyst (Validates exploitability of vulnerability findings)
  Debate agent exploit-analyst completed (80353 tokens used)
  Running debate agent B: defense-analyst (Identifies mitigations and defensive controls)
  Agent taint-tracer completed (49099 tokens used)
  Running agent: vuln-hunter (Primary vulnerability discovery agent)
  Debate agent defense-analyst completed (39105 tokens used)
  Running agent: verdict-synthesizer (Synthesizes multi-agent validation into final verdicts)
  Agent verdict-synthesizer completed (33284 tokens used)
  Running agent: cwe-classifier (Precise CWE classification and severity validation)
  Agent vuln-hunter completed (55322 tokens used)
  Running debate agent A: exploit-analyst (Validates exploitability of vulnerability findings)
  Agent cwe-classifier completed (100875 tokens used)
  Debate agent exploit-analyst completed (71742 tokens used)
  Running debate agent B: defense-analyst (Identifies mitigations and defensive controls)
  Debate agent defense-analyst completed (65604 tokens used)
  Running agent: verdict-synthesizer (Synthesizes multi-agent validation into final verdicts)
  Agent verdict-synthesizer completed (45462 tokens used)
  Running agent: cwe-classifier (Precise CWE classification and severity validation)
  Agent cwe-classifier completed (71498 tokens used)
