  Running agent: attack-surface (Attack surface mapper)
  Running agent: attack-surface (Attack surface mapper)
  Agent attack-surface completed (77473 tokens used)
  Running agent: taint-tracer (Data flow analysis specialist)
  Agent attack-surface completed (90224 tokens used)
  Running agent: taint-tracer (Data flow analysis specialist)
  Agent taint-tracer completed (82172 tokens used)
  Running agent: vuln-hunter-java (Java-specialized vulnerability discovery agent)
  Agent taint-tracer completed (101267 tokens used)
  Running agent: vuln-hunter-java (Java-specialized vulnerability discovery agent)
  Agent vuln-hunter-java completed (45885 tokens used)
  Running debate agent A: exploit-analyst (Validates exploitability of vulnerability findings)
  Agent vuln-hunter-java completed (32658 tokens used)
  Running debate agent A: exploit-analyst (Validates exploitability of vulnerability findings)
  Debate agent exploit-analyst completed (60829 tokens used)
  Running debate agent B: defense-analyst (Identifies mitigations and defensive controls)
  Debate agent exploit-analyst completed (38516 tokens used)
  Running debate agent B: defense-analyst (Identifies mitigations and defensive controls)
  Debate agent defense-analyst completed (47515 tokens used)
  Running agent: verdict-synthesizer (Synthesizes multi-agent validation into final verdicts)
  Debate agent defense-analyst completed (96489 tokens used)
  Running agent: verdict-synthesizer (Synthesizes multi-agent validation into final verdicts)
  Agent verdict-synthesizer completed (5412 tokens used)
  Running agent: cwe-classifier (Precise CWE classification and severity validation)
  Agent cwe-classifier completed (46164 tokens used)
  Agent verdict-synthesizer completed (39203 tokens used)
  Running agent: cwe-classifier (Precise CWE classification and severity validation)
  Running agent: attack-surface (Attack surface mapper)
  Running agent: attack-surface (Attack surface mapper)
  Agent cwe-classifier completed (41241 tokens used)
  Running agent: attack-surface (Attack surface mapper)
  Running agent: attack-surface (Attack surface mapper)
  Agent attack-surface completed (72078 tokens used)
  Running agent: taint-tracer (Data flow analysis specialist)
  Agent attack-surface completed (53811 tokens used)
  Running agent: taint-tracer (Data flow analysis specialist)
  Agent attack-surface completed (60492 tokens used)
  Running agent: taint-tracer (Data flow analysis specialist)
  Agent attack-surface completed (67087 tokens used)
  Running agent: taint-tracer (Data flow analysis specialist)
  Agent taint-tracer completed (33325 tokens used)
  Running agent: vuln-hunter-java (Java-specialized vulnerability discovery agent)
  Agent vuln-hunter-java completed (32591 tokens used)
  Running debate agent A: exploit-analyst (Validates exploitability of vulnerability findings)
  Agent taint-tracer completed (79718 tokens used)
  Running agent: vuln-hunter-java (Java-specialized vulnerability discovery agent)
  Agent taint-tracer completed (40624 tokens used)
  Running agent: vuln-hunter-java (Java-specialized vulnerability discovery agent)
  Agent taint-tracer completed (37424 tokens used)
  Running agent: vuln-hunter-java (Java-specialized vulnerability discovery agent)
  Agent vuln-hunter-java completed (31771 tokens used)
  Running debate agent A: exploit-analyst (Validates exploitability of vulnerability findings)
  Agent vuln-hunter-java completed (44955 tokens used)
  Running debate agent A: exploit-analyst (Validates exploitability of vulnerability findings)
  Agent vuln-hunter-java completed (52031 tokens used)
  Running debate agent A: exploit-analyst (Validates exploitability of vulnerability findings)
  Debate agent exploit-analyst completed (31821 tokens used)
  Running debate agent B: defense-analyst (Identifies mitigations and defensive controls)
  Debate agent exploit-analyst completed (44234 tokens used)
  Running debate agent B: defense-analyst (Identifies mitigations and defensive controls)
  Debate agent exploit-analyst completed (25248 tokens used)
  Running debate agent B: defense-analyst (Identifies mitigations and defensive controls)
  Debate agent exploit-analyst completed (57886 tokens used)
  Running debate agent B: defense-analyst (Identifies mitigations and defensive controls)
  Debate agent defense-analyst completed (64670 tokens used)
  Running agent: verdict-synthesizer (Synthesizes multi-agent validation into final verdicts)
  Debate agent defense-analyst completed (44609 tokens used)
  Running agent: verdict-synthesizer (Synthesizes multi-agent validation into final verdicts)
  Debate agent defense-analyst completed (36429 tokens used)
  Running agent: verdict-synthesizer (Synthesizes multi-agent validation into final verdicts)
  Agent verdict-synthesizer completed (5786 tokens used)
  Running agent: cwe-classifier (Precise CWE classification and severity validation)
  Agent verdict-synthesizer completed (7272 tokens used)
  Running agent: cwe-classifier (Precise CWE classification and severity validation)
  Debate agent defense-analyst completed (54207 tokens used)
  Running agent: verdict-synthesizer (Synthesizes multi-agent validation into final verdicts)
  Agent cwe-classifier completed (35865 tokens used)
  Running agent: attack-surface (Attack surface mapper)
  Agent cwe-classifier completed (27156 tokens used)
  Running agent: attack-surface (Attack surface mapper)
  Agent verdict-synthesizer completed (25527 tokens used)
  Running agent: cwe-classifier (Precise CWE classification and severity validation)
  Agent verdict-synthesizer completed (7157 tokens used)
  Running agent: cwe-classifier (Precise CWE classification and severity validation)
  Agent cwe-classifier completed (98065 tokens used)
  Agent cwe-classifier completed (57264 tokens used)
  Running agent: attack-surface (Attack surface mapper)
  Agent attack-surface completed (91756 tokens used)
  Running agent: taint-tracer (Data flow analysis specialist)
  Running agent: attack-surface (Attack surface mapper)
  Agent attack-surface completed (52486 tokens used)
  Running agent: taint-tracer (Data flow analysis specialist)
  Agent attack-surface completed (32665 tokens used)
  Running agent: taint-tracer (Data flow analysis specialist)
  Agent attack-surface completed (49724 tokens used)
  Running agent: taint-tracer (Data flow analysis specialist)
  Agent taint-tracer completed (55764 tokens used)
  Running agent: vuln-hunter-java (Java-specialized vulnerability discovery agent)
  Agent taint-tracer completed (8240 tokens used)
  Running agent: vuln-hunter-java (Java-specialized vulnerability discovery agent)
  Agent taint-tracer completed (59124 tokens used)
  Running agent: vuln-hunter-java (Java-specialized vulnerability discovery agent)
  Agent vuln-hunter-java completed (44494 tokens used)
  Running debate agent A: exploit-analyst (Validates exploitability of vulnerability findings)
  Agent taint-tracer completed (64469 tokens used)
  Running agent: vuln-hunter-java (Java-specialized vulnerability discovery agent)
  Agent vuln-hunter-java completed (10947 tokens used)
  Running debate agent A: exploit-analyst (Validates exploitability of vulnerability findings)
  Debate agent exploit-analyst completed (28584 tokens used)
  Running debate agent B: defense-analyst (Identifies mitigations and defensive controls)
  Agent vuln-hunter-java completed (10863 tokens used)
  Running debate agent A: exploit-analyst (Validates exploitability of vulnerability findings)
  Debate agent exploit-analyst completed (29204 tokens used)
  Running debate agent B: defense-analyst (Identifies mitigations and defensive controls)
  Agent vuln-hunter-java completed (46122 tokens used)
  Running debate agent A: exploit-analyst (Validates exploitability of vulnerability findings)
  Debate agent defense-analyst completed (43710 tokens used)
  Running agent: verdict-synthesizer (Synthesizes multi-agent validation into final verdicts)
  Debate agent exploit-analyst completed (28849 tokens used)
  Running debate agent B: defense-analyst (Identifies mitigations and defensive controls)
  Agent verdict-synthesizer completed (5939 tokens used)
  Running agent: cwe-classifier (Precise CWE classification and severity validation)
  Debate agent defense-analyst completed (45108 tokens used)
  Running agent: verdict-synthesizer (Synthesizes multi-agent validation into final verdicts)
  Debate agent defense-analyst completed (39551 tokens used)
  Running agent: verdict-synthesizer (Synthesizes multi-agent validation into final verdicts)
  Agent cwe-classifier completed (40725 tokens used)
  Running agent: attack-surface (Attack surface mapper)
  Debate agent exploit-analyst completed (23861 tokens used)
  Running debate agent B: defense-analyst (Identifies mitigations and defensive controls)
  Agent verdict-synthesizer completed (5979 tokens used)
  Running agent: cwe-classifier (Precise CWE classification and severity validation)
  Agent verdict-synthesizer completed (6728 tokens used)
  Running agent: cwe-classifier (Precise CWE classification and severity validation)
  Agent cwe-classifier completed (26610 tokens used)
  Running agent: attack-surface (Attack surface mapper)
  Agent cwe-classifier completed (27125 tokens used)
  Running agent: attack-surface (Attack surface mapper)
  Debate agent defense-analyst completed (21395 tokens used)
  Running agent: verdict-synthesizer (Synthesizes multi-agent validation into final verdicts)
  Agent attack-surface completed (63132 tokens used)
  Running agent: taint-tracer (Data flow analysis specialist)
  Agent verdict-synthesizer completed (22570 tokens used)
  Running agent: cwe-classifier (Precise CWE classification and severity validation)
  Agent attack-surface completed (55850 tokens used)
  Running agent: taint-tracer (Data flow analysis specialist)
  Agent attack-surface completed (76628 tokens used)
  Running agent: taint-tracer (Data flow analysis specialist)
  Agent cwe-classifier completed (64152 tokens used)
  Agent taint-tracer completed (73896 tokens used)
  Running agent: vuln-hunter-java (Java-specialized vulnerability discovery agent)
  Agent taint-tracer completed (40490 tokens used)
  Running agent: vuln-hunter-java (Java-specialized vulnerability discovery agent)
  Agent taint-tracer completed (31194 tokens used)
  Running agent: vuln-hunter-java (Java-specialized vulnerability discovery agent)
  Agent vuln-hunter-java completed (32325 tokens used)
  Running debate agent A: exploit-analyst (Validates exploitability of vulnerability findings)
  Agent vuln-hunter-java completed (32239 tokens used)
  Running debate agent A: exploit-analyst (Validates exploitability of vulnerability findings)
  Debate agent exploit-analyst completed (28332 tokens used)
  Running debate agent B: defense-analyst (Identifies mitigations and defensive controls)
  Agent vuln-hunter-java completed (30003 tokens used)
  Running debate agent A: exploit-analyst (Validates exploitability of vulnerability findings)
  Debate agent defense-analyst completed (19208 tokens used)
  Running agent: verdict-synthesizer (Synthesizes multi-agent validation into final verdicts)
  Debate agent exploit-analyst completed (40970 tokens used)
  Running debate agent B: defense-analyst (Identifies mitigations and defensive controls)
  Debate agent exploit-analyst completed (32221 tokens used)
  Running debate agent B: defense-analyst (Identifies mitigations and defensive controls)
  Agent verdict-synthesizer completed (6153 tokens used)
  Running agent: cwe-classifier (Precise CWE classification and severity validation)
  Agent cwe-classifier completed (26387 tokens used)
  Debate agent defense-analyst completed (60791 tokens used)
  Running agent: verdict-synthesizer (Synthesizes multi-agent validation into final verdicts)
  Debate agent defense-analyst completed (54598 tokens used)
  Running agent: verdict-synthesizer (Synthesizes multi-agent validation into final verdicts)
  Agent verdict-synthesizer completed (30512 tokens used)
  Running agent: cwe-classifier (Precise CWE classification and severity validation)
  Agent verdict-synthesizer completed (31743 tokens used)
  Running agent: cwe-classifier (Precise CWE classification and severity validation)
  Agent cwe-classifier completed (55296 tokens used)
  Agent cwe-classifier completed (52777 tokens used)
