  Running agent: attack-surface (Attack surface mapper)
  Running agent: attack-surface (Attack surface mapper)
  Agent attack-surface completed (68288 tokens used)
  Running agent: taint-tracer (Data flow analysis specialist)
  Agent attack-surface completed (45048 tokens used)
  Running agent: taint-tracer (Data flow analysis specialist)
  Agent taint-tracer completed (52223 tokens used)
  Running agent: vuln-hunter-java (Java-specialized vulnerability discovery agent)
  Agent taint-tracer completed (54090 tokens used)
  Running agent: vuln-hunter-java (Java-specialized vulnerability discovery agent)
  Agent vuln-hunter-java completed (11177 tokens used)
  Running debate agent A: exploit-analyst (Validates exploitability of vulnerability findings)
  Agent vuln-hunter-java completed (27762 tokens used)
  Running debate agent A: exploit-analyst (Validates exploitability of vulnerability findings)
  Debate agent exploit-analyst completed (15090 tokens used)
  Running debate agent B: defense-analyst (Identifies mitigations and defensive controls)
  Debate agent exploit-analyst completed (54672 tokens used)
  Running debate agent B: defense-analyst (Identifies mitigations and defensive controls)
  Debate agent defense-analyst completed (38112 tokens used)
  Running agent: verdict-synthesizer (Synthesizes multi-agent validation into final verdicts)
  Debate agent defense-analyst completed (77531 tokens used)
  Running agent: verdict-synthesizer (Synthesizes multi-agent validation into final verdicts)
  Agent verdict-synthesizer completed (19465 tokens used)
  Running agent: cwe-classifier (Precise CWE classification and severity validation)
  Agent verdict-synthesizer completed (35716 tokens used)
  Running agent: cwe-classifier (Precise CWE classification and severity validation)
  Agent cwe-classifier completed (54484 tokens used)
  Running agent: attack-surface (Attack surface mapper)
  Running agent: attack-surface (Attack surface mapper)
  Agent cwe-classifier completed (70828 tokens used)
  Running agent: attack-surface (Attack surface mapper)
  Agent attack-surface completed (22496 tokens used)
  Running agent: taint-tracer (Data flow analysis specialist)
  Agent attack-surface completed (45500 tokens used)
  Running agent: taint-tracer (Data flow analysis specialist)
  Agent attack-surface completed (65287 tokens used)
  Running agent: taint-tracer (Data flow analysis specialist)
  Agent taint-tracer completed (48799 tokens used)
  Running agent: vuln-hunter-java (Java-specialized vulnerability discovery agent)
  Agent vuln-hunter-java completed (34144 tokens used)
  Running debate agent A: exploit-analyst (Validates exploitability of vulnerability findings)
  Agent taint-tracer completed (66391 tokens used)
  Running agent: vuln-hunter-java (Java-specialized vulnerability discovery agent)
  Agent taint-tracer completed (48293 tokens used)
  Running agent: vuln-hunter-java (Java-specialized vulnerability discovery agent)
  Agent vuln-hunter-java completed (11253 tokens used)
  Running debate agent A: exploit-analyst (Validates exploitability of vulnerability findings)
  Debate agent exploit-analyst completed (51252 tokens used)
  Running debate agent B: defense-analyst (Identifies mitigations and defensive controls)
  Agent vuln-hunter-java completed (31080 tokens used)
  Running debate agent A: exploit-analyst (Validates exploitability of vulnerability findings)
  Debate agent exploit-analyst completed (31529 tokens used)
  Running debate agent B: defense-analyst (Identifies mitigations and defensive controls)
  Debate agent defense-analyst completed (74133 tokens used)
  Running agent: verdict-synthesizer (Synthesizes multi-agent validation into final verdicts)
  Debate agent exploit-analyst completed (77530 tokens used)
  Running debate agent B: defense-analyst (Identifies mitigations and defensive controls)
  Debate agent defense-analyst completed (39360 tokens used)
  Running agent: verdict-synthesizer (Synthesizes multi-agent validation into final verdicts)
  Agent verdict-synthesizer completed (28907 tokens used)
  Running agent: cwe-classifier (Precise CWE classification and severity validation)
  Debate agent defense-analyst completed (66121 tokens used)
  Running agent: verdict-synthesizer (Synthesizes multi-agent validation into final verdicts)
  Agent verdict-synthesizer completed (32275 tokens used)
  Running agent: cwe-classifier (Precise CWE classification and severity validation)
  Agent cwe-classifier completed (53112 tokens used)
  Running agent: attack-surface (Attack surface mapper)
  Running agent: attack-surface (Attack surface mapper)
  Agent verdict-synthesizer completed (32499 tokens used)
  Running agent: cwe-classifier (Precise CWE classification and severity validation)
  Agent cwe-classifier completed (85955 tokens used)
  Agent attack-surface completed (47211 tokens used)
  Running agent: taint-tracer (Data flow analysis specialist)
  Running agent: attack-surface (Attack surface mapper)
  Agent attack-surface completed (62928 tokens used)
  Running agent: taint-tracer (Data flow analysis specialist)
  Agent cwe-classifier completed (69861 tokens used)
  Running agent: attack-surface (Attack surface mapper)
  Agent attack-surface completed (61438 tokens used)
  Running agent: taint-tracer (Data flow analysis specialist)
  Agent taint-tracer completed (70083 tokens used)
  Running agent: vuln-hunter-java (Java-specialized vulnerability discovery agent)
  Agent attack-surface completed (79956 tokens used)
  Running agent: taint-tracer (Data flow analysis specialist)
  Agent taint-tracer completed (75877 tokens used)
  Running agent: vuln-hunter-java (Java-specialized vulnerability discovery agent)
  Agent vuln-hunter-java completed (30049 tokens used)
  Running debate agent A: exploit-analyst (Validates exploitability of vulnerability findings)
  Agent vuln-hunter-java completed (41644 tokens used)
  Running debate agent A: exploit-analyst (Validates exploitability of vulnerability findings)
  Running agent: attack-surface (Attack surface mapper)
  Agent taint-tracer completed (50062 tokens used)
  Running agent: vuln-hunter-java (Java-specialized vulnerability discovery agent)
  Debate agent exploit-analyst completed (51671 tokens used)
  Running debate agent B: defense-analyst (Identifies mitigations and defensive controls)
  Agent taint-tracer completed (65967 tokens used)
  Running agent: vuln-hunter-java (Java-specialized vulnerability discovery agent)
  Debate agent defense-analyst completed (50187 tokens used)
  Running agent: verdict-synthesizer (Synthesizes multi-agent validation into final verdicts)
  Agent attack-surface completed (83809 tokens used)
  Running agent: taint-tracer (Data flow analysis specialist)
  Agent vuln-hunter-java completed (34996 tokens used)
  Running debate agent A: exploit-analyst (Validates exploitability of vulnerability findings)
  Agent vuln-hunter-java completed (31031 tokens used)
  Running debate agent A: exploit-analyst (Validates exploitability of vulnerability findings)
  Agent verdict-synthesizer completed (27645 tokens used)
  Running agent: cwe-classifier (Precise CWE classification and severity validation)
  Debate agent exploit-analyst completed (54209 tokens used)
  Running debate agent B: defense-analyst (Identifies mitigations and defensive controls)
  Debate agent exploit-analyst completed (28542 tokens used)
  Running debate agent B: defense-analyst (Identifies mitigations and defensive controls)
  Debate agent defense-analyst completed (80204 tokens used)
  Running agent: verdict-synthesizer (Synthesizes multi-agent validation into final verdicts)
  Agent cwe-classifier completed (94655 tokens used)
  Running agent: attack-surface (Attack surface mapper)
  Debate agent defense-analyst completed (47677 tokens used)
  Running agent: verdict-synthesizer (Synthesizes multi-agent validation into final verdicts)
  Agent taint-tracer completed (59052 tokens used)
  Running agent: vuln-hunter-java (Java-specialized vulnerability discovery agent)
  Agent verdict-synthesizer completed (55951 tokens used)
  Running agent: cwe-classifier (Precise CWE classification and severity validation)
  Agent attack-surface completed (34831 tokens used)
  Running agent: taint-tracer (Data flow analysis specialist)
  Agent vuln-hunter-java completed (32427 tokens used)
  Running debate agent A: exploit-analyst (Validates exploitability of vulnerability findings)
  Agent verdict-synthesizer completed (28252 tokens used)
  Running agent: cwe-classifier (Precise CWE classification and severity validation)
  Agent cwe-classifier completed (94170 tokens used)
  Running agent: attack-surface (Attack surface mapper)
  Debate agent exploit-analyst completed (60896 tokens used)
  Running debate agent B: defense-analyst (Identifies mitigations and defensive controls)
  Agent cwe-classifier completed (53609 tokens used)
  Running agent: attack-surface (Attack surface mapper)
  Agent attack-surface completed (62097 tokens used)
  Running agent: taint-tracer (Data flow analysis specialist)
  Agent taint-tracer completed (58396 tokens used)
  Running agent: vuln-hunter-java (Java-specialized vulnerability discovery agent)
  Debate agent defense-analyst completed (53824 tokens used)
  Running agent: verdict-synthesizer (Synthesizes multi-agent validation into final verdicts)
  Agent attack-surface completed (66031 tokens used)
  Running agent: taint-tracer (Data flow analysis specialist)
  Agent vuln-hunter-java completed (34969 tokens used)
  Running debate agent A: exploit-analyst (Validates exploitability of vulnerability findings)
  Agent verdict-synthesizer completed (40977 tokens used)
  Running agent: cwe-classifier (Precise CWE classification and severity validation)
  Agent taint-tracer completed (57922 tokens used)
  Running agent: vuln-hunter-java (Java-specialized vulnerability discovery agent)
  Debate agent exploit-analyst completed (56482 tokens used)
  Running debate agent B: defense-analyst (Identifies mitigations and defensive controls)
  Agent cwe-classifier completed (48872 tokens used)
  Agent taint-tracer completed (74364 tokens used)
  Running agent: vuln-hunter-java (Java-specialized vulnerability discovery agent)
  Agent vuln-hunter-java completed (34296 tokens used)
  Running debate agent A: exploit-analyst (Validates exploitability of vulnerability findings)
  Debate agent defense-analyst completed (52789 tokens used)
  Running agent: verdict-synthesizer (Synthesizes multi-agent validation into final verdicts)
  Agent vuln-hunter-java completed (48077 tokens used)
  Running debate agent A: exploit-analyst (Validates exploitability of vulnerability findings)
  Debate agent exploit-analyst completed (55201 tokens used)
  Running debate agent B: defense-analyst (Identifies mitigations and defensive controls)
  Agent verdict-synthesizer completed (33174 tokens used)
  Running agent: cwe-classifier (Precise CWE classification and severity validation)
  Debate agent exploit-analyst completed (47101 tokens used)
  Running debate agent B: defense-analyst (Identifies mitigations and defensive controls)
  Debate agent defense-analyst completed (50879 tokens used)
  Running agent: verdict-synthesizer (Synthesizes multi-agent validation into final verdicts)
  Debate agent defense-analyst completed (44277 tokens used)
  Running agent: verdict-synthesizer (Synthesizes multi-agent validation into final verdicts)
  Agent verdict-synthesizer completed (31616 tokens used)
  Running agent: cwe-classifier (Precise CWE classification and severity validation)
  Agent verdict-synthesizer completed (46403 tokens used)
  Running agent: cwe-classifier (Precise CWE classification and severity validation)
  Agent cwe-classifier completed (75740 tokens used)
  Agent cwe-classifier completed (54645 tokens used)
