CASE_DONE AIS-Lite
CASE_DONE NarfAgainShell
CASE_DONE payroll
CASE_DONE COLLIDEOSCOPE
CASE_DONE CGC_Planet_Markup_Language_Parser

======================================================================
  SKWAQ GYM RESULTS: CGC
======================================================================

  Precision:  100.0%
  Recall:     57.9%
  F1 Score:   73.3%

  TP: 11  FP: 0  FN: 8  TN: 0

       CWE    Cases       TP       FN    Detect%      Prec%
  --------------------------------------------------------------
       284        2        0        2 [31m      0.0%[0m       0.0%
       674        1        0        1 [31m      0.0%[0m       0.0%
       703        1        0        1 [31m      0.0%[0m       0.0%
        61        1        0        1 [31m      0.0%[0m       0.0%
        59        1        0        1 [31m      0.0%[0m       0.0%
       704        1        0        1 [31m      0.0%[0m       0.0%
        20        1        0        1 [31m      0.0%[0m       0.0%
       476        1        1        0 [32m    100.0%[0m     100.0%
       119       10       10        0 [32m    100.0%[0m     100.0%

       CWE    Cases       TP       FN    Detect%      Prec%  (original CWE IDs)
  --------------------------------------------------------------
       275        1        0        1 [31m      0.0%[0m       0.0%
       434        1        0        1 [31m      0.0%[0m       0.0%
        20        1        0        1 [31m      0.0%[0m       0.0%
       674        1        0        1 [31m      0.0%[0m       0.0%
        61        1        0        1 [31m      0.0%[0m       0.0%
       704        1        0        1 [31m      0.0%[0m       0.0%
        59        1        0        1 [31m      0.0%[0m       0.0%
       703        1        0        1 [31m      0.0%[0m       0.0%
       129        1        1        0 [32m    100.0%[0m     100.0%
       788        1        1        0 [32m    100.0%[0m     100.0%
       119        1        1        0 [32m    100.0%[0m     100.0%
       118        1        1        0 [32m    100.0%[0m     100.0%
       843        1        1        0 [32m    100.0%[0m     100.0%
       122        2        2        0 [32m    100.0%[0m     100.0%
       120        2        2        0 [32m    100.0%[0m     100.0%
       121        1        1        0 [32m    100.0%[0m     100.0%
       476        1        1        0 [32m    100.0%[0m     100.0%

                Semantic    Cases       TP       FN    Detect%      Prec%
  --------------------------------------------------------------------------------------
           infinite_loop        1        0        1 [31m      0.0%[0m       0.0%
            invalid_free        0        0        0 [31m      0.0%[0m       0.0%
         buffer_overflow        4        4        0 [32m    100.0%[0m     100.0%
          type_confusion        1        1        0 [32m    100.0%[0m      25.0%
              null_deref        1        1        0 [32m    100.0%[0m     100.0%

  SEMANTIC COVERAGE: 5/5 classes exercised, 3 with detections
  Detection gaps (cases exist but 0 TP): infinite_loop

